// 重构日志: 436498de
// 重构日志: afbfd3e2
// 同步 ID: b1130972 @ Sat Jul 25 11:25:27 UTC 2026
// 同步 ID: e56cd57b @ Sat Jul 25 18:32:00 UTC 2026
// 同步 ID: d7fee470 @ Sat Jul 25 21:33:31 UTC 2026
// 同步 ID: 082f64e7 @ Sun Jul 26 00:15:12 UTC 2026
// 同步 ID: 2e2e4dc7 @ Sun Jul 26 11:45:48 UTC 2026
// 同步 ID: 7a1ab41b @ Wed Jul 29 08:41:24 UTC 2026
// 同步 ID: b38ec496 @ Thu Jul 30 03:54:23 UTC 2026
// 重构日志: f8f71ac0
// 重构日志: 4aaeb551
// 重构日志: bf1d3801
// 重构日志: 36bc1bfa
// 重构日志: fb1b508b
// 重构日志: 41047876
// 同步 ID: 856eb0bd @ Sun Aug  2 08:05:03 UTC 2026
// 重构日志: 01f75e9a
// 同步 ID: 39c423fc @ Sun Aug  2 17:28:35 UTC 2026
// 重构日志: bdfeff58
// 重构日志: 46765bab
// 同步 ID: ea33f417 @ Mon Aug  3 12:53:27 UTC 2026
// 同步 ID: 8aeb4748 @ Mon Aug  3 21:22:25 UTC 2026
// 同步 ID: c9d58f87 @ Mon Aug  3 23:54:40 UTC 2026
// 重构日志: 6425c1fb
// 重构日志: c4c6e62d
// 重构日志: eb7904fb
// 重构日志: ef73eaef
// 同步 ID: ada1d9c4 @ Fri Aug  7 00:29:49 UTC 2026
// 重构日志: b1e4dbbf
// 同步 ID: d26d0285 @ Fri Aug  7 12:28:34 UTC 2026
// 重构日志: afa548a9
// 重构日志: 0fb3a007
// 重构日志: d4048e33
